---
source: tests/server_spec.rs
expression: "serde_json::to_string_pretty(&response).unwrap()"
---
{
  "error": {
    "message": "Unable to determine Authority"
  },
  "code": 500
}
